INFO       | 2026-09-15 12:46:44 | celeri.celeri_util:get_logger:159 | RUN_NAME: 0000000011
INFO       | 2026-09-15 12:46:44 | celeri.celeri_util:get_logger:160 | Write log file: /Users/hannaelston/Documents/GitHub/celeri/runs/0000000011/0000000011.log
WARNING    | 2026-09-15 12:46:44 | celeri.cli:process_args:332 | ORIGINAL: config.mesh_parameters_file_name: /Users/hannaelston/Documents/GitHub/celeri/inputs/mesh/casc_mesh_nm50_ml240000.json
WARNING    | 2026-09-15 12:46:44 | celeri.cli:process_args:334 | REPLACED: config.mesh_parameters_file_name: /Users/hannaelston/Documents/GitHub/celeri/inputs/mesh/casc_mesh_nm50_ml62000.json
SUCCESS    | 2026-09-15 12:46:44 | celeri.cli:process_args:347 | Read: ./inputs/mesh/casc_mesh_nm50_ml62000.json
INFO       | 2026-09-15 12:46:44 | celeri.model:read_data:123 | Reading data files
SUCCESS    | 2026-09-15 12:46:44 | celeri.model:read_data:140 | Read: /Users/hannaelston/Documents/GitHub/celeri/inputs/segment/SEG_segment.csv
SUCCESS    | 2026-09-15 12:46:44 | celeri.model:read_data:145 | Read: /Users/hannaelston/Documents/GitHub/celeri/inputs/block/SEG_block.csv
INFO       | 2026-09-15 12:46:44 | celeri.mesh:_log_eigenvalue_truncation:909 | Eigenvalue truncation: 93.20% of prior variance captured by 50 modes (N(90.0%)=40, N(95.0%)~57, N(99.0%)~108, N(99.9%)~271)
INFO       | 2026-09-15 12:46:44 | celeri.mesh:_log_eigenvalue_truncation:937 | Rough min length scale for 50 modes (m): ℓ(90.0%)≈6.3e+04m, ℓ(95.0%)≈7.2e+04m, ℓ(99.0%)≈9.9e+04m, ℓ(99.9%)≈1.6e+05m
WARNING    | 2026-09-15 12:46:44 | celeri.mesh:_log_eigenvalue_truncation:943 | Only 93.20% of prior variance captured by 50 eigenmodes. Consider increasing n_eigenvalues or matern_length_scale to reduce truncation artifacts.
SUCCESS    | 2026-09-15 12:46:44 | celeri.mesh:from_params:1266 | Read: /Users/hannaelston/Documents/GitHub/celeri/inputs/mesh/mccrory2012_30km.msh
SUCCESS    | 2026-09-15 12:46:44 | celeri.model:read_data:153 | Read: /Users/hannaelston/Documents/GitHub/celeri/inputs/station/casc_panga_offshore_sta_data.csv
INFO       | 2026-09-15 12:46:44 | celeri.model:read_data:169 | No mogi_file_name
INFO       | 2026-09-15 12:46:44 | celeri.model:read_data:192 | No sar_file_name
INFO       | 2026-09-15 12:46:46 | celeri.model:assign_block_labels:532 | Closed blocks: 48, equal to block file blocks: 48
INFO       | 2026-09-15 12:46:46 | celeri.model:assign_block_labels:537 | Testing for existence of interior points
INFO       | 2026-09-15 12:46:47 | celeri.scripts.celeri_solve:main:46 | MCMC solve
INFO       | 2026-09-15 12:46:47 | celeri.solve_mcmc:solve_mcmc:1729 | Building operators with streaming mode (discard_tde_to_velocities=True)
INFO       | 2026-09-15 12:46:47 | celeri.operators:_store_elastic_operators:1619 | Cache: /Users/hannaelston/Documents/GitHub/celeri/inputs/operators/b4ec20612552f3f3.hdf5
INFO       | 2026-09-15 12:46:47 | celeri.operators:_store_elastic_operators:1626 | Found cached elastic operators at /Users/hannaelston/Documents/GitHub/celeri/inputs/operators/b4ec20612552f3f3.hdf5
INFO       | 2026-09-15 12:46:47 | celeri.operators:_store_elastic_operators:1654 | Segments have been added or removed since last computation. Recomputing operators.
INFO       | 2026-09-15 12:47:02 | celeri.operators:_store_eigenvectors_to_tde_slip:2830 | Start: Eigenvectors to TDE slip for mesh: /Users/hannaelston/Documents/GitHub/celeri/inputs/mesh/mccrory2012_30km.msh
SUCCESS    | 2026-09-15 12:47:02 | celeri.operators:_store_eigenvectors_to_tde_slip:2854 | Finish: Eigenvectors to TDE slip for mesh: /Users/hannaelston/Documents/GitHub/celeri/inputs/mesh/mccrory2012_30km.msh
INFO       | 2026-09-15 12:47:02 | celeri.operators:_compute_eigen_to_velocities:3029 | Computing eigen_to_velocities for mesh: /Users/hannaelston/Documents/GitHub/celeri/inputs/mesh/mccrory2012_30km.msh
INFO       | 2026-09-15 12:47:04 | celeri.operators:_store_block_moment_tensors:873 | Computing block moment tensors and areas
SUCCESS    | 2026-09-15 12:47:04 | celeri.operators:_store_block_moment_tensors:917 | Computed moment tensors for 48 blocks
INFO       | 2026-09-15 12:47:05 | celeri.solve_mcmc:_add_station_velocity_likelihood:1340 | Using unweighted station likelihood (2231 stations)
INFO       | 2026-09-15 12:51:31 | celeri.solve_mcmc:solve_mcmc:1787 | Computing pointwise log-likelihoods for ['station_velocity']
SUCCESS    | 2026-09-15 12:51:32 | celeri.mesh:to_disk:1291 | Mesh configuration saved to /Users/hannaelston/Documents/GitHub/celeri/runs/0000000011/operators/model/meshes/00000
SUCCESS    | 2026-09-15 12:51:32 | celeri.model:to_disk:79 | Model saved to /Users/hannaelston/Documents/GitHub/celeri/runs/0000000011/operators/model
